#! libtec.o
TecGUIBitmapButtonAdd
TecGUIBitmapToggleAdd
TecGUIBlockForModalDialog
TecGUIButtonAdd
TecGUIButtonSetDefault
TecGUIButtonSetText
TecGUIDialogApplySetSensitivity
TecGUIDialogCreateModal
TecGUIDialogCreateModeless
TecGUIDialogDrop
TecGUIDialogEnableActionArea
TecGUIDialogIsUp
TecGUIDialogLaunch
TecGUIDialogSetLaunchPosition
TecGUIDialogSetLaunchPositionX
TecGUIDialogSetPosition
TecGUIDialogSetPositionX
TecGUIDialogSetTitle
TecGUIDialogSetTopmost
TecGUIFormAdd
TecGUIFormAddPage
TecGUIFormSetCurrentPage
TecGUIFrameAdd
TecGUIHorzSeparatorAdd
TecGUILabelAdd
TecGUILabelSetDouble
TecGUILabelSetLgIndex
TecGUILabelSetSet
TecGUILabelSetText
TecGUIListAdd
TecGUIListAppendItem
TecGUIListDeleteAllItems
TecGUIListDeleteItemAtPos
TecGUIListDeselectAllItems
TecGUIListGetCapacity
TecGUIListGetItemCount
TecGUIListGetSelectedItem
TecGUIListGetSelectedItems
TecGUIListGetString
TecGUIListGetTopItemNum
TecGUIListReplaceItem
TecGUIListSelectAllItems
TecGUIListSetSelectedItem
TecGUIListSetSelectedItems
TecGUIListSetTopItemNum
TecGUIMenuAdd
TecGUIMenuAddItem
TecGUIMenuAddSeparator
TecGUIMenuAddToggle
TecGUIMenuBarAdd
TecGUIMenuDeleteItem
TecGUIMenuItemSetText
TecGUIMenuSetToggle
TecGUIOptionMenuAdd
TecGUIOptionMenuAppendItem
TecGUIOptionMenuDeleteAllItems
TecGUIOptionMenuDeleteItemAtPos
TecGUIOptionMenuGet
TecGUIOptionMenuGetItemCount
TecGUIOptionMenuGetString
TecGUIOptionMenuReplaceItem
TecGUIOptionMenuSet
TecGUIOptionMenuSetByString
TecGUIRadioBoxAdd
TecGUIRadioBoxGetToggle
TecGUIRadioBoxSetToggle
TecGUIScaleAdd
TecGUIScaleGetValue
TecGUIScaleSetLimits
TecGUIScaleSetValue
TecGUIScaleShowNumericDisplay
TecGUISetInputFocus
TecGUISetSensitivity
TecGUISetStatusLine
TecGUISetToolTip
TecGUISetVisibility
TecGUISidebarActivate
TecGUISidebarDeactivateAll
TecGUISidebarIsActive
TecGUISidebarRegister
TecGUISpinTextFieldAdd
TecGUISpinTextFieldIncDouble
TecGUISpinTextFieldIncLgIndex
TecGUITabAdd
TecGUITabAddPage
TecGUITabSetCurrentPage
TecGUITextAdd
TecGUITextAddKeyEventCallback
TecGUITextAppendString
TecGUITextFieldAdd
TecGUITextFieldGetDouble
TecGUITextFieldGetLgIndex
TecGUITextFieldGetSet
TecGUITextFieldGetString
TecGUITextFieldSetDouble
TecGUITextFieldSetLgIndex
TecGUITextFieldSetSet
TecGUITextFieldSetString
TecGUITextFieldValidateDouble
TecGUITextFieldValidateLgIndex
TecGUITextGetString
TecGUITextInsertString
TecGUITextSetInsertPos
TecGUITextSetMaxInsertPos
TecGUITextSetMinInsertPos
TecGUITextSetString
TecGUIToggleAdd
TecGUIToggleGet
TecGUIToggleSet
TecGUIVertSeparatorAdd
TecUtil3DViewGetNearZPlane
TecUtilAddOnAllowUnload
TecUtilAddOnGetRegisteredInfo
TecUtilAddOnLoad
TecUtilAddOnProductGetName
TecUtilAddOnRegForeignLibLoader
TecUtilAddOnRegister
TecUtilAddOnRegisterInfo
TecUtilAnimateContourLevels
TecUtilAnimateContourLevelsX
TecUtilAnimateIJKBlanking
TecUtilAnimateIJKBlankingX
TecUtilAnimateIJKPlanes
TecUtilAnimateIJKPlanesX
TecUtilAnimateLineMapsX
TecUtilAnimateSlices
TecUtilAnimateSlicesX
TecUtilAnimateStream
TecUtilAnimateStreamX
TecUtilAnimateXYMaps
TecUtilAnimateXYMapsX
TecUtilAnimateZones
TecUtilAnimateZonesX
TecUtilArgListAlloc
TecUtilArgListAppendArbParam
TecUtilArgListAppendArbParamPtr
TecUtilArgListAppendArray
TecUtilArgListAppendDouble
TecUtilArgListAppendDoublePtr
TecUtilArgListAppendFunction
TecUtilArgListAppendInt
TecUtilArgListAppendSet
TecUtilArgListAppendString
TecUtilArgListAppendStringList
TecUtilArgListClear
TecUtilArgListDealloc
TecUtilArrayDealloc
TecUtilAutoRedrawIsActive
TecUtilAuxDataDataSetGetRef
TecUtilAuxDataDeleteItemByIndex
TecUtilAuxDataDeleteItemByName
TecUtilAuxDataFrameGetRef
TecUtilAuxDataGetItemByIndex
TecUtilAuxDataGetItemByName
TecUtilAuxDataGetItemIndex
TecUtilAuxDataGetNumItems
TecUtilAuxDataLineMapGetRef
TecUtilAuxDataSetItem
TecUtilAuxDataVarGetRef
TecUtilAuxDataZoneGetRef
TecUtilAverageCellCenterData
TecUtilAxisGetRange
TecUtilBlankingCheckDataPoint
TecUtilBlankingCheckFECell
TecUtilBlankingCheckIJKCell
TecUtilColorMapCopyStandard
TecUtilColorMapGetBasicColorRGB
TecUtilColorMapNumBasicColors
TecUtilColorMapRedistControlPts
TecUtilColorMapRefresh
TecUtilColorMapResetToFactory
TecUtilColorMapSetBase
TecUtilConnectGetShareZoneSet
TecUtilContourGetLevels
TecUtilContourLabelAdd
TecUtilContourLabelDeleteAll
TecUtilContourLabelX
TecUtilContourLevelAdd
TecUtilContourLevelDelNearest
TecUtilContourLevelDeleteRange
TecUtilContourLevelNew
TecUtilContourLevelReset
TecUtilContourLevelX
TecUtilContourSetVariable
TecUtilContourSetVariableX
TecUtilConvAddPostReadCallback
TecUtilConvert3DPositionToGrid
TecUtilConvertUnits
TecUtilConvertXDimension
TecUtilConvertXPosition
TecUtilConvertYDimension
TecUtilConvertYPosition
TecUtilCreateCircularZone
TecUtilCreateContourLineZones
TecUtilCreateContourLineZonesX
TecUtilCreateFEBoundary
TecUtilCreateIsoZones
TecUtilCreateMirrorZones
TecUtilCreateRectangularZone
TecUtilCreateSimpleXYZone
TecUtilCreateSimpleZone
TecUtilCreateSliceZone
TecUtilCreateSliceZoneFromPlane
TecUtilCreateSliceZoneFromPlneX
TecUtilCreateSliceZones
TecUtilCreateStreamZones
TecUtilCurveRegisterExtCrvFit
TecUtilCurveSetExtendedSettings
TecUtilCurveWriteInfo
TecUtilDataAlter
TecUtilDataConnectBranchShared
TecUtilDataConnectGetShareCount
TecUtilDataConnectIsSharingOk
TecUtilDataConnectShare
TecUtilDataFECellGetNodes
TecUtilDataFaceNbrAssign
TecUtilDataFaceNbrBeginAssign
TecUtilDataFaceNbrEndAssign
TecUtilDataFaceNbrGetByRef
TecUtilDataFaceNbrGetByZone
TecUtilDataFaceNbrGetModeByRef
TecUtilDataFaceNbrGetNbrByRef
TecUtilDataFaceNbrGetNumNByRef
TecUtilDataFaceNbrGetRawPtr
TecUtilDataFaceNbrGetRef
TecUtilDataIJKCellGetIndices
TecUtilDataNodeGetByRef
TecUtilDataNodeGetByZone
TecUtilDataNodeGetRawPtr
TecUtilDataNodeGetRef
TecUtilDataNodeSetByRef
TecUtilDataNodeSetByZone
TecUtilDataRotate2D
TecUtilDataSetAddJournalCommand
TecUtilDataSetAddPostConvInstr
TecUtilDataSetAddRawJournalCom
TecUtilDataSetAddVar
TecUtilDataSetAddVarX
TecUtilDataSetAddZone
TecUtilDataSetAddZoneX
TecUtilDataSetCreate
TecUtilDataSetDeleteVar
TecUtilDataSetDeleteZone
TecUtilDataSetGetInfo
TecUtilDataSetGetUniqueID
TecUtilDataSetGetVarLoadMode
TecUtilDataSetIsAvailable
TecUtilDataSetIsLocked
TecUtilDataSetIsSharingAllowed
TecUtilDataSetJournalIsValid
TecUtilDataSetLockOff
TecUtilDataSetLockOn
TecUtilDataSetPostReadFinished
TecUtilDataSetReadX
TecUtilDataSetRequiresSaving
TecUtilDataSetSetTitle
TecUtilDataSetSuspendMarking
TecUtilDataSetWriteX
TecUtilDataValueAlloc
TecUtilDataValueArrayGetByRef
TecUtilDataValueArraySetByRef
TecUtilDataValueBranchShared
TecUtilDataValueCanMemMapData
TecUtilDataValueCopy
TecUtilDataValueGetByRef
TecUtilDataValueGetByZoneVar
TecUtilDataValueGetLocation
TecUtilDataValueGetMinMaxByRef
TecUtilDataValueGetRawPtr
TecUtilDataValueGetRef
TecUtilDataValueGetRefType
TecUtilDataValueGetShareCount
TecUtilDataValueGetShareZoneSet
TecUtilDataValueIsSharingOk
TecUtilDataValueMemMapData
TecUtilDataValueRefGetGetFunc
TecUtilDataValueRefGetSetFunc
TecUtilDataValueSetByRef
TecUtilDataValueSetByZoneVar
TecUtilDataValueShare
TecUtilDelay
TecUtilDialogCheckPercentDone
TecUtilDialogDrop
TecUtilDialogDropPercentDone
TecUtilDialogErrMsg
TecUtilDialogGetColor
TecUtilDialogGetFileName
TecUtilDialogGetFileNames
TecUtilDialogGetFolderName
TecUtilDialogGetIndexRange
TecUtilDialogGetSimpleText
TecUtilDialogGetVariables
TecUtilDialogLaunch
TecUtilDialogLaunchPercentDone
TecUtilDialogMessageBox
TecUtilDialogSetLaunchPosition
TecUtilDialogSetPercentDoneText
TecUtilDispatchWorkAreaEvent
TecUtilDoubleBuffer
TecUtilDrawGraphics
TecUtilDropOpeningBanner
TecUtilExport
TecUtilExportCancel
TecUtilExportFinish
TecUtilExportIsRecording
TecUtilExportNextFrame
TecUtilExportSetup
TecUtilExportStart
TecUtilExtractFromGeom
TecUtilExtractFromPolyline
TecUtilExtractInstallCallback
TecUtilFieldLayerIsActive
TecUtilFieldLayerSetIsActive
TecUtilFieldSetLayer
TecUtilFieldStyleGetArbValue
TecUtilFieldStyleGetDoubleValue
TecUtilFileDownloadURL
TecUtilFileGetTempName
TecUtilFileIsURL
TecUtilFileUploadURL
TecUtilFrameCreateNew
TecUtilFrameDeleteTop
TecUtilFrameFitAllToPaper
TecUtilFrameGetBackgroundColor
TecUtilFrameGetCount
TecUtilFrameGetLinking
TecUtilFrameGetMode
TecUtilFrameGetName
TecUtilFrameGetPlotType
TecUtilFrameGetPosAndSize
TecUtilFrameGetUniqueID
TecUtilFrameLightweightPopEnd
TecUtilFrameLightweightPopNext
TecUtilFrameLightweightPopStart
TecUtilFramePop
TecUtilFramePopAtPosition
TecUtilFramePopByName
TecUtilFramePopByUniqueID
TecUtilFramePush
TecUtilFramePushByName
TecUtilFramePushByUniqueID
TecUtilFramePushTop
TecUtilFrameSetLinking
TecUtilFrameSetMode
TecUtilFrameSetName
TecUtilFrameSetPlotType
TecUtilFrameSetPosAndSize
TecUtilGeom2DLineSegmentCreate
TecUtilGeom2DMPolyCreate
TecUtilGeom2DMPolyGetPoint
TecUtilGeom2DMPolySetPoint
TecUtilGeom2DMPolySetPolyline
TecUtilGeom2DPolylineCreate
TecUtilGeom2DPolylineGetPoint
TecUtilGeom2DPolylineSetPoint
TecUtilGeom3DLineSegmentCreate
TecUtilGeom3DMPolyCreate
TecUtilGeom3DMPolyGetPoint
TecUtilGeom3DMPolySetPoint
TecUtilGeom3DMPolySetPolyline
TecUtilGeom3DPolylineCreate
TecUtilGeom3DPolylineGetPoint
TecUtilGeom3DPolylineSetPoint
TecUtilGeomArcCreate
TecUtilGeomArrowheadGetAngle
TecUtilGeomArrowheadGetAttach
TecUtilGeomArrowheadGetSize
TecUtilGeomArrowheadGetStyle
TecUtilGeomArrowheadSetAngle
TecUtilGeomArrowheadSetAttach
TecUtilGeomArrowheadSetSize
TecUtilGeomArrowheadSetStyle
TecUtilGeomCircleCreate
TecUtilGeomCircleGetRadius
TecUtilGeomCircleSetRadius
TecUtilGeomDelete
TecUtilGeomEllipseCreate
TecUtilGeomEllipseGetNumPoints
TecUtilGeomEllipseGetSize
TecUtilGeomEllipseSetNumPoints
TecUtilGeomEllipseSetSize
TecUtilGeomGetAnchorPos
TecUtilGeomGetBase
TecUtilGeomGetClipping
TecUtilGeomGetColor
TecUtilGeomGetDrawOrder
TecUtilGeomGetFillColor
TecUtilGeomGetIsFilled
TecUtilGeomGetLinePattern
TecUtilGeomGetLineThickness
TecUtilGeomGetMacroFunctionCmd
TecUtilGeomGetNext
TecUtilGeomGetPatternLength
TecUtilGeomGetPositionCoordSys
TecUtilGeomGetPrev
TecUtilGeomGetScope
TecUtilGeomGetType
TecUtilGeomGetXYZAnchorPos
TecUtilGeomGetZoneOrMap
TecUtilGeomImageCreate
TecUtilGeomImageGetFileName
TecUtilGeomImageGetImage
TecUtilGeomImageGetResizeFilter
TecUtilGeomImageGetSize
TecUtilGeomImageGetUseRatio
TecUtilGeomImageResetAspectRatio
TecUtilGeomImageSetHeight
TecUtilGeomImageSetResizeFilter
TecUtilGeomImageSetUseRatio
TecUtilGeomImageSetWidth
TecUtilGeomIsAttached
TecUtilGeomIsValid
TecUtilGeomMPolyGetPointCount
TecUtilGeomMPolyGetPolylineCnt
TecUtilGeomPolyGetPointCount
TecUtilGeomRectangleCreate
TecUtilGeomRectangleGetSize
TecUtilGeomRectangleSetSize
TecUtilGeomSetAnchorPos
TecUtilGeomSetAttached
TecUtilGeomSetClipping
TecUtilGeomSetColor
TecUtilGeomSetDrawOrder
TecUtilGeomSetFillColor
TecUtilGeomSetIsFilled
TecUtilGeomSetLinePattern
TecUtilGeomSetLineThickness
TecUtilGeomSetMacroFunctionCmd
TecUtilGeomSetPatternLength
TecUtilGeomSetPositionCoordSys
TecUtilGeomSetScope
TecUtilGeomSetXYZAnchorPos
TecUtilGeomSetZoneOrMap
TecUtilGeomSquareCreate
TecUtilGeomSquareGetSize
TecUtilGeomSquareSetSize
TecUtilGetBasePath
TecUtilGetCurLayoutFName
TecUtilGetTecplotVersion
TecUtilGetTempFileName
TecUtilHelp
TecUtilImageBitmapCreateX
TecUtilImageBitmapDestroy
TecUtilImageGetColorTable
TecUtilImageGetDimensions
TecUtilImageIndexedBitmapCreate
TecUtilImageIndexedGetScanLine
TecUtilImageRGBBitmapCreate
TecUtilImageRGBGetScanLine
TecUtilImportAddConverter
TecUtilImportAddLoader
TecUtilImportGetLoaderInstr
TecUtilImportSetLoaderInstr
TecUtilImportWriteLoaderInstr
TecUtilInterfaceGetBaseFontSize
TecUtilInterfaceGetDotsPerInch
TecUtilInterfaceGetMotifHandles
TecUtilInterrupt
TecUtilInverseDistInterpolation
TecUtilKrig
TecUtilLicenseCheckOut
TecUtilLicenseGetInfo
TecUtilLimitGetValue
TecUtilLineMapCopy
TecUtilLineMapCreate
TecUtilLineMapDelete
TecUtilLineMapGetActive
TecUtilLineMapGetAssignment
TecUtilLineMapGetCount
TecUtilLineMapGetName
TecUtilLineMapGetNumByUniqueID
TecUtilLineMapGetUniqueID
TecUtilLineMapIsActive
TecUtilLineMapSetActive
TecUtilLineMapSetAssignment
TecUtilLineMapSetBarChart
TecUtilLineMapSetCurve
TecUtilLineMapSetErrorBar
TecUtilLineMapSetIndices
TecUtilLineMapSetLine
TecUtilLineMapSetName
TecUtilLineMapSetSymbol
TecUtilLineMapSetSymbolShape
TecUtilLineMapShiftToBottom
TecUtilLineMapShiftToTop
TecUtilLineMapStyleGetArbValue
TecUtilLineMapStyleGetDoubleValue
TecUtilLinePlotLayerIsActive
TecUtilLinePlotLayerSetIsActive
TecUtilLinearInterpolate
TecUtilLinkingGetValue
TecUtilLinkingSetValue
TecUtilLockFinish
TecUtilLockGetCount
TecUtilLockGetCurrentOwnerName
TecUtilLockIsOn
TecUtilLockOff
TecUtilLockOn
TecUtilLockStart
TecUtilMacroAddCommandCallback
TecUtilMacroExecuteCommand
TecUtilMacroFunctionExists
TecUtilMacroIsBatchModeActive
TecUtilMacroIsRecordingActive
TecUtilMacroPanelAddTitle
TecUtilMacroRecordAddOnComRaw
TecUtilMacroRecordAddOnCommand
TecUtilMacroRecordRawCommand
TecUtilMacroRunFile
TecUtilMacroRunFunction
TecUtilMacroSetMacroVar
TecUtilMenuAddOption
TecUtilMenuAddSeparator
TecUtilMenuClearAll
TecUtilMenuDelete
TecUtilMenuGetMain
TecUtilMenuGetStandard
TecUtilMenuInsertOption
TecUtilMenuInsertSeparator
TecUtilMenuInsertStandard
TecUtilMenuInsertSubMenu
TecUtilMenuInsertToggle
TecUtilMenuRegisterSensitivityCallback
TecUtilMenuSetSensitivity
TecUtilMouseGetCurrentMode
TecUtilMouseIsValidMode
TecUtilMouseSetMode
TecUtilNewLayout
TecUtilOEMDataSetCreate
TecUtilOnIdleQueueAddCallback
TecUtilOpenLayout
TecUtilPaperGetDimensions
TecUtilPickAddAll
TecUtilPickAddAllInRect
TecUtilPickAddFrameByUniqueID
TecUtilPickAddLineMaps
TecUtilPickAddXYMaps
TecUtilPickAddZones
TecUtilPickAtPosition
TecUtilPickClear
TecUtilPickCopy
TecUtilPickCut
TecUtilPickDeselectAll
TecUtilPickEdit
TecUtilPickGeom
TecUtilPickListGetAxisKind
TecUtilPickListGetAxisNumber
TecUtilPickListGetCount
TecUtilPickListGetFrameName
TecUtilPickListGetFrameUniqueID
TecUtilPickListGetGeom
TecUtilPickListGetGeomInfo
TecUtilPickListGetLineMapIndex
TecUtilPickListGetLineMapNumber
TecUtilPickListGetText
TecUtilPickListGetType
TecUtilPickListGetXYMapIndex
TecUtilPickListGetXYMapNumber
TecUtilPickListGetZoneIndices
TecUtilPickListGetZoneNumber
TecUtilPickMagnify
TecUtilPickPaste
TecUtilPickPop
TecUtilPickPush
TecUtilPickSetMouseMode
TecUtilPickShift
TecUtilPickText
TecUtilPleaseWait
TecUtilPolarToRectangular
TecUtilPrint
TecUtilPrintSetup
TecUtilProbeAllowCOBs
TecUtilProbeAtPosition
TecUtilProbeFieldGetCZType
TecUtilProbeFieldGetCell
TecUtilProbeFieldGetFaceCell
TecUtilProbeFieldGetFaceNumber
TecUtilProbeFieldGetPlane
TecUtilProbeFieldGetValue
TecUtilProbeFieldGetZone
TecUtilProbeGetPointIndex
TecUtilProbeInstallCallback
TecUtilProbeLinePlotGetDepValue
TecUtilProbeLinePlotGetIndValue
TecUtilProbeLinePlotGetSourceMap
TecUtilProbeXYGetDepValue
TecUtilProbeXYGetIndValue
TecUtilProbeXYGetSourceMap
TecUtilPublish
TecUtilQuit
TecUtilQuitAddQueryCallback
TecUtilRawColorMap
TecUtilReadBinaryData
TecUtilReadColorMap
TecUtilReadDataSet
TecUtilReadStylesheet
TecUtilRedraw
TecUtilRedrawAll
TecUtilReset3DAxes
TecUtilReset3DOrigin
TecUtilReset3DOriginX
TecUtilReset3DScaleFactors
TecUtilResetVectorLength
TecUtilRotate2D
TecUtilSaveLayout
TecUtilSaveLayoutX
TecUtilSet3DEyeDistance
TecUtilSetAddMember
TecUtilSetAlloc
TecUtilSetClear
TecUtilSetCopy
TecUtilSetDealloc
TecUtilSetGetMember
TecUtilSetGetMemberCount
TecUtilSetGetNextMember
TecUtilSetGetPosition
TecUtilSetIsEmpty
TecUtilSetIsEqual
TecUtilSetIsMember
TecUtilSetRemoveMember
TecUtilSetupTransformations
TecUtilSidebarAutoSensitivity
TecUtilSidebarSetSensitivity
TecUtilSmooth
TecUtilStateChangeAddCallback
TecUtilStateChangeAddCallbackX
TecUtilStateChangeGetArbEnum
TecUtilStateChangeGetIndex
TecUtilStateChangeGetName
TecUtilStateChangeGetStyleParam
TecUtilStateChangeGetVarSet
TecUtilStateChangeGetZone
TecUtilStateChangeGetZoneSet
TecUtilStateChangeSetMode
TecUtilStateChanged
TecUtilStateChangedX
TecUtilStateIsProcessingJournal
TecUtilStateIsProcessingLayout
TecUtilStatusCheckPercentDone
TecUtilStatusFinishPercentDone
TecUtilStatusSetPercentDoneText
TecUtilStatusStartPercentDone
TecUtilStreamtraceAdd
TecUtilStreamtraceDeleteAll
TecUtilStreamtraceDeleteRange
TecUtilStreamtraceGetCount
TecUtilStreamtraceGetPos
TecUtilStreamtraceResetDelta
TecUtilStreamtraceSetTermLine
TecUtilStringAlloc
TecUtilStringConvOldFormatting
TecUtilStringDealloc
TecUtilStringListAlloc
TecUtilStringListAppend
TecUtilStringListAppendString
TecUtilStringListClear
TecUtilStringListCopy
TecUtilStringListDealloc
TecUtilStringListFromNLString
TecUtilStringListGetCount
TecUtilStringListGetRawStringPtr
TecUtilStringListGetString
TecUtilStringListInsertString
TecUtilStringListRemoveString
TecUtilStringListRemoveStrings
TecUtilStringListSetString
TecUtilStringListSort
TecUtilStringListToNLString
TecUtilStyleGetLowLevelX
TecUtilStyleSetBase
TecUtilStyleSetLowLevel
TecUtilStyleSetLowLevelX
TecUtilSystem
TecUtilTecAux
TecUtilTecDat
TecUtilTecEnd
TecUtilTecFace
TecUtilTecFil
TecUtilTecForeign
TecUtilTecGeo
TecUtilTecGeoX
TecUtilTecIni
TecUtilTecLab
TecUtilTecNod
TecUtilTecTxt
TecUtilTecTxtX
TecUtilTecUsr
TecUtilTecVAux
TecUtilTecZAux
TecUtilTecZne
TecUtilTecZneX
TecUtilTecplotGetHomeDirectory
TecUtilTecplotGetMajorRevision
TecUtilTecplotGetMajorVersion
TecUtilTecplotGetMinorRevision
TecUtilTecplotGetMinorVersion
TecUtilText3DCreate
TecUtilTextBoxGetColor
TecUtilTextBoxGetFillColor
TecUtilTextBoxGetLineThickness
TecUtilTextBoxGetMargin
TecUtilTextBoxGetPosition
TecUtilTextBoxGetType
TecUtilTextBoxSetColor
TecUtilTextBoxSetFillColor
TecUtilTextBoxSetLineThickness
TecUtilTextBoxSetMargin
TecUtilTextBoxSetType
TecUtilTextCreate
TecUtilTextDelete
TecUtilTextGetAnchor
TecUtilTextGetAnchorPos
TecUtilTextGetAngle
TecUtilTextGetBase
TecUtilTextGetClipping
TecUtilTextGetColor
TecUtilTextGetFont
TecUtilTextGetHeight
TecUtilTextGetLineSpacing
TecUtilTextGetMacroFunctionCmd
TecUtilTextGetNext
TecUtilTextGetPositionCoordSys
TecUtilTextGetPrev
TecUtilTextGetScope
TecUtilTextGetSizeUnits
TecUtilTextGetString
TecUtilTextGetXYPos
TecUtilTextGetZoneOrMap
TecUtilTextIsAttached
TecUtilTextIsValid
TecUtilTextSetAnchor
TecUtilTextSetAnchorPos
TecUtilTextSetAngle
TecUtilTextSetAttached
TecUtilTextSetClipping
TecUtilTextSetColor
TecUtilTextSetCoordSysAndUnits
TecUtilTextSetFont
TecUtilTextSetHeight
TecUtilTextSetLineSpacing
TecUtilTextSetMacroFunctionCmd
TecUtilTextSetScope
TecUtilTextSetString
TecUtilTextSetXYPos
TecUtilTextSetZoneOrMap
TecUtilThreeDViewGetNearZPlane
TecUtilThreeDViewGetProjection
TecUtilThreeDViewGetViewerAngle
TecUtilThreeDViewGetViewerPos
TecUtilTimerAddCallback
TecUtilTransformCoordinatesX
TecUtilTriangulate
TecUtilUndoCanUndo
TecUtilUndoDoUndo
TecUtilUndoStateBegin
TecUtilUndoStateEnd
TecUtilVarGetEnabled
TecUtilVarGetMinMax
TecUtilVarGetName
TecUtilVarGetNumByAssignment
TecUtilVarGetNumByName
TecUtilVarGetNumByUniqueID
TecUtilVarGetUniqueID
TecUtilVarIsEnabled
TecUtilVarRename
TecUtilViewAxisFit
TecUtilViewAxisMakeCurValsNice
TecUtilViewAxisNiceFit
TecUtilViewCenter
TecUtilViewCopy
TecUtilViewDataFit
TecUtilViewFit
TecUtilViewLast
TecUtilViewMakeCurViewNice
TecUtilViewNiceFit
TecUtilViewPaste
TecUtilViewPush
TecUtilViewRotate
TecUtilViewRotate3D
TecUtilViewScale
TecUtilViewSetMagnification
TecUtilViewTranslate
TecUtilViewZoom
TecUtilWorkViewFitAllFrames
TecUtilWorkViewFitPaper
TecUtilWorkViewFitSelectFrames
TecUtilWorkViewLastView
TecUtilWorkViewMaximize
TecUtilWorkViewTranslate
TecUtilWorkViewZoom
TecUtilWriteColorMap
TecUtilWriteCurveInfo
TecUtilWriteDataSet
TecUtilWriteStylesheet
TecUtilWriteStylesheetX
TecUtilXYMapCopy
TecUtilXYMapCreate
TecUtilXYMapDelete
TecUtilXYMapGetActive
TecUtilXYMapGetAssignment
TecUtilXYMapGetCount
TecUtilXYMapGetName
TecUtilXYMapIsActive
TecUtilXYMapSetActive
TecUtilXYMapSetAssignment
TecUtilXYMapSetBarChart
TecUtilXYMapSetCurve
TecUtilXYMapSetErrorBar
TecUtilXYMapSetIndices
TecUtilXYMapSetLine
TecUtilXYMapSetName
TecUtilXYMapSetSymbol
TecUtilXYMapSetSymbolShape
TecUtilXYMapShiftToBottom
TecUtilXYMapShiftToTop
TecUtilXYMapStyleGetArbValue
TecUtilXYMapStyleGetDoubleValue
TecUtilXYSetLayer
TecUtilZoneCopy
TecUtilZoneCopyX
TecUtilZoneDelete
TecUtilZoneGetActive
TecUtilZoneGetEnabled
TecUtilZoneGetInfo
TecUtilZoneGetName
TecUtilZoneGetNumByUniqueID
TecUtilZoneGetType
TecUtilZoneGetUniqueID
TecUtilZoneIsActive
TecUtilZoneIsEnabled
TecUtilZoneIsFiniteElement
TecUtilZoneIsOrdered
TecUtilZoneRealloc
TecUtilZoneRename
TecUtilZoneSetActive
TecUtilZoneSetBoundary
TecUtilZoneSetBuildZoneOptInfo
TecUtilZoneSetContour
TecUtilZoneSetIJKMode
TecUtilZoneSetMesh
TecUtilZoneSetScatter
TecUtilZoneSetScatterIJKSkip
TecUtilZoneSetScatterSymbolShape
TecUtilZoneSetShade
TecUtilZoneSetVector
TecUtilZoneSetVectorIJKSkip
TecUtilZoneSetVolumeMode
TecUtiltDataSetDefVarLoadFinish
q_main
